{
  "version": "1.5.0",
  "plugins_used": [
    {
      "name": "ArtifactoryDetector"
    },
    {
      "name": "AWSKeyDetector"
    },
    {
      "name": "AzureStorageKeyDetector"
    },
    {
      "name": "Base64HighEntropyString",
      "limit": 4.5
    },
    {
      "name": "BasicAuthDetector"
    },
    {
      "name": "CloudantDetector"
    },
    {
      "name": "DiscordBotTokenDetector"
    },
    {
      "name": "GitHubTokenDetector"
    },
    {
      "name": "GitLabTokenDetector"
    },
    {
      "name": "HexHighEntropyString",
      "limit": 3.0
    },
    {
      "name": "IbmCloudIamDetector"
    },
    {
      "name": "IbmCosHmacDetector"
    },
    {
      "name": "IPPublicDetector"
    },
    {
      "name": "JwtTokenDetector"
    },
    {
      "name": "KeywordDetector",
      "keyword_exclude": ""
    },
    {
      "name": "MailchimpDetector"
    },
    {
      "name": "NpmDetector"
    },
    {
      "name": "OpenAIDetector"
    },
    {
      "name": "PrivateKeyDetector"
    },
    {
      "name": "PypiTokenDetector"
    },
    {
      "name": "SendGridDetector"
    },
    {
      "name": "SlackDetector"
    },
    {
      "name": "SoftlayerDetector"
    },
    {
      "name": "SquareOAuthDetector"
    },
    {
      "name": "StripeDetector"
    },
    {
      "name": "TelegramBotTokenDetector"
    },
    {
      "name": "TwilioKeyDetector"
    }
  ],
  "filters_used": [
    {
      "path": "detect_secrets.filters.allowlist.is_line_allowlisted"
    },
    {
      "path": "detect_secrets.filters.common.is_baseline_file",
      "filename": ".secrets.baseline"
    },
    {
      "path": "detect_secrets.filters.common.is_ignored_due_to_verification_policies",
      "min_level": 2
    },
    {
      "path": "detect_secrets.filters.heuristic.is_indirect_reference"
    },
    {
      "path": "detect_secrets.filters.heuristic.is_likely_id_string"
    },
    {
      "path": "detect_secrets.filters.heuristic.is_lock_file"
    },
    {
      "path": "detect_secrets.filters.heuristic.is_not_alphanumeric_string"
    },
    {
      "path": "detect_secrets.filters.heuristic.is_potential_uuid"
    },
    {
      "path": "detect_secrets.filters.heuristic.is_prefixed_with_dollar_sign"
    },
    {
      "path": "detect_secrets.filters.heuristic.is_sequential_string"
    },
    {
      "path": "detect_secrets.filters.heuristic.is_swagger_file"
    },
    {
      "path": "detect_secrets.filters.heuristic.is_templated_secret"
    },
    {
      "path": "detect_secrets.filters.regex.should_exclude_file",
      "pattern": [
        "^reports/"
      ]
    },
    {
      "path": "detect_secrets.filters.regex.should_exclude_line",
      "pattern": [
        "\"sha256\": \"[0-9a-f]{64}\""
      ]
    }
  ],
  "results": {
    "db/tests/030_gateway.sql": [
      {
        "type": "Hex High Entropy String",
        "filename": "db/tests/030_gateway.sql",
        "hashed_secret": "331d71a0f78089c0326b39302bf53d8905b88e6d",
        "is_verified": false,
        "line_number": 122,
        "is_secret": false
      },
      {
        "type": "Hex High Entropy String",
        "filename": "db/tests/030_gateway.sql",
        "hashed_secret": "594528056920e5ab73f6f7412078677308509331",
        "is_verified": false,
        "line_number": 126,
        "is_secret": false
      },
      {
        "type": "Hex High Entropy String",
        "filename": "db/tests/030_gateway.sql",
        "hashed_secret": "15a5efa21613b20634377a6f40c2a09685e8140f",
        "is_verified": false,
        "line_number": 128,
        "is_secret": false
      }
    ],
    "tests/vectors/signing.json": [
      {
        "type": "Secret Keyword",
        "filename": "tests/vectors/signing.json",
        "hashed_secret": "b9776f9b7c14d4de75df003e2e0fa8c8389c0d7b",
        "is_verified": false,
        "line_number": 2,
        "is_secret": false
      },
      {
        "type": "Hex High Entropy String",
        "filename": "tests/vectors/signing.json",
        "hashed_secret": "331d71a0f78089c0326b39302bf53d8905b88e6d",
        "is_verified": false,
        "line_number": 18,
        "is_secret": false
      },
      {
        "type": "Hex High Entropy String",
        "filename": "tests/vectors/signing.json",
        "hashed_secret": "7b564a1eb97db48b5fcbb32efcae9666509c7e5e",
        "is_verified": false,
        "line_number": 33,
        "is_secret": false
      },
      {
        "type": "Hex High Entropy String",
        "filename": "tests/vectors/signing.json",
        "hashed_secret": "594528056920e5ab73f6f7412078677308509331",
        "is_verified": false,
        "line_number": 65,
        "is_secret": false
      },
      {
        "type": "Hex High Entropy String",
        "filename": "tests/vectors/signing.json",
        "hashed_secret": "15a5efa21613b20634377a6f40c2a09685e8140f",
        "is_verified": false,
        "line_number": 80,
        "is_secret": false
      }
    ]
  },
  "generated_at": "2026-10-09T10:58:39Z"
}
