
===== stack is up (n8n healthy, TEI answers) =====
command: docker inspect -f "{{.State.Health.Status}}" fs-n8n
  docker compose @files --profile test run --rm --no-deps tests python -c "import httpx; r = httpx.get('http://tei:80/health', timeout=10); print('TEI', r.status_code); raise SystemExit(0 if r.status_code == 200 else 1)"
started: 2026-10-02T15:40:45.2440225+01:00
healthy
 Container flatshare-tests-run-388d9cba5692 Creating 
 Container flatshare-tests-run-388d9cba5692 Created 
TEI 200
exit=0 seconds=0.9

===== seed: pack sources and evaluation datasets =====
command: docker @kb seed
started: 2026-10-02T15:40:46.1559513+01:00
 Container flatshare-tests-run-34761e0884ca Creating 
 Container flatshare-tests-run-34761e0884ca Created 
sources: 30 upserted from 2 packs; marked removed: []
dataset tn_retrieval v1: 48 queries (0 new or changed, 0 removed)
exit=0 seconds=1.2

===== n8n container reaches the internet =====
command: docker exec fs-n8n node -e "Promise.allSettled(['https://www.justice.gov.tn/robots.txt','https://www.jurisitetunisie.com/robots.txt'].map(u=>fetch(u,{signal:AbortSignal.timeout(15000)}).then(r=>u+' HTTP '+r.status))).then(rs=>{let ok=0;for(const r of rs){if(r.status==='fulfilled'){ok++;console.log(r.value)}else{console.log('network error: '+((r.reason.cause&&r.reason.cause.code)||r.reason.message))}}process.exit(ok?0:1)})"
started: 2026-10-02T15:40:47.3396117+01:00
https://www.justice.gov.tn/robots.txt HTTP 403
https://www.jurisitetunisie.com/robots.txt HTTP 200
exit=0 seconds=0.5

===== ingest TN (fetch, clean, chunk, embed; can take long on CPU) =====
command: docker @kb @args2
started: 2026-10-02T15:40:47.8417470+01:00
 Container flatshare-tests-run-987ad934fb21 Creating 
 Container flatshare-tests-run-987ad934fb21 Created 
/v1/admin/kb/ingest: job 05d0139f-ce95-4583-a145-2527c5b6dd58 accepted
      0.2s  job running
     10.4s  gl-123loger-arnaques: skipped (unchanged), 1 s
     10.4s  gl-gestetud-arnaques: skipped (unchanged), 4 s
     41.5s  gl-twenty-campus-arnaques: ok (done), 33 s
     41.5s  tn-cdet-2017: skipped (unchanged), 2 s
     41.5s  tn-coc-ar: skipped (robots), 0 s
     41.5s  tn-coc-ar-cawtar: skipped (unchanged), 1 s
     51.8s  tn-coc-fr: skipped (robots), 0 s
     51.8s  tn-coc-jurisite-727-738: ok (done), 8 s
     51.8s  tn-coc-jurisite-739: ok (done), 2 s
     62.0s  tn-coc-jurisite-740-746: ok (done), 7 s
     62.0s  tn-coc-jurisite-747: ok (done), 2 s
     82.7s  tn-coc-jurisite-748-757: ok (done), 12 s
     82.7s  tn-coc-jurisite-758-766: ok (done), 9 s
    113.6s  tn-coc-jurisite-767-790: ok (done), 28 s
    123.8s  tn-coc-jurisite-791-804: ok (done), 12 s
    154.7s  tn-coc-jurisite-805-827: ok (done), 30 s
    237.8s  tn-cyriljarnias-location: ok (done), 83 s
    248.0s  tn-diwan-location: ok (done), 9 s
    248.0s  tn-dpo-consulting-loi: skipped (unchanged), 1 s
    268.8s  tn-houni-colocation-tunis: ok (done), 18 s
    279.0s  tn-inpdp-procedures: skipped (robots), 5 s
    279.0s  tn-justice-questions-civiles: skipped (unchanged), 1 s
    279.0s  tn-lapresse-arnaque-sousse: skipped (unchanged), 1 s
    279.0s  tn-lo-2004-63-ar: skipped (robots), 5 s
    279.0s  tn-lo-2004-63-fr: skipped (unchanged), 0 s
    289.1s  tn-loi-76-35-recueil: skipped (unchanged), 4 s
    289.1s  tn-mehat-logement-locatif-2014: skipped (unchanged), 1 s
    309.9s  tn-notaire-tunisienumerique: ok (done), 21 s
    309.9s  tn-profiscal-det-ch7-2006: skipped (unchanged), 1 s
    330.7s  job succeeded
    330.7s  tn-web6-inpdp: ok (done), 21 s
ingest succeeded in 332 s: {"ok": 15, "failed": 0, "skipped": 15}
  skipped  gl-123loger-arnaques               unchanged  unchanged
  skipped  gl-gestetud-arnaques               unchanged  unchanged
  ok       gl-twenty-campus-arnaques          updated fixed_500_50: 6 chunks, structure_aware_v1: 10 chunks 
  skipped  tn-cdet-2017                       unchanged  unchanged
  skipped  tn-coc-ar                          robots  robots_unreachable_503 [robots.txt HTTP 503]
  skipped  tn-coc-ar-cawtar                   unchanged  unchanged
  skipped  tn-coc-fr                          robots  robots_unreachable_503 [robots.txt HTTP 503]
  ok       tn-coc-jurisite-727-738            updated fixed_500_50: 2 chunks, structure_aware_v1: 2 chunks 
  ok       tn-coc-jurisite-739                updated fixed_500_50: 1 chunks, structure_aware_v1: 1 chunks 
  ok       tn-coc-jurisite-740-746            updated fixed_500_50: 2 chunks, structure_aware_v1: 2 chunks 
  ok       tn-coc-jurisite-747                updated fixed_500_50: 1 chunks, structure_aware_v1: 1 chunks 
  ok       tn-coc-jurisite-748-757            updated fixed_500_50: 3 chunks, structure_aware_v1: 3 chunks 
  ok       tn-coc-jurisite-758-766            updated fixed_500_50: 2 chunks, structure_aware_v1: 3 chunks 
  ok       tn-coc-jurisite-767-790            updated fixed_500_50: 6 chunks, structure_aware_v1: 8 chunks 
  ok       tn-coc-jurisite-791-804            updated fixed_500_50: 3 chunks, structure_aware_v1: 3 chunks 
  ok       tn-coc-jurisite-805-827            updated fixed_500_50: 6 chunks, structure_aware_v1: 9 chunks 
  ok       tn-cyriljarnias-location           updated fixed_500_50: 18 chunks, structure_aware_v1: 27 chunks 
  ok       tn-diwan-location                  updated fixed_500_50: 2 chunks, structure_aware_v1: 3 chunks 
  skipped  tn-dpo-consulting-loi              unchanged  unchanged
  ok       tn-houni-colocation-tunis          updated fixed_500_50: 3 chunks, structure_aware_v1: 10 chunks 
  skipped  tn-inpdp-procedures                robots  robots_unreachable [robots.txt HTTP 0] getaddrinfo EAI_AGAIN www.inpdp.tn
  skipped  tn-justice-questions-civiles       unchanged  unchanged
  skipped  tn-lapresse-arnaque-sousse         unchanged  unchanged
  skipped  tn-lo-2004-63-ar                   robots  robots_unreachable [robots.txt HTTP 0] getaddrinfo EAI_AGAIN www.inpdp.tn
  skipped  tn-lo-2004-63-fr                   unchanged  unchanged
  skipped  tn-loi-76-35-recueil               unchanged  unchanged
  skipped  tn-mehat-logement-locatif-2014     unchanged  unchanged
  ok       tn-notaire-tunisienumerique        updated fixed_500_50: 3 chunks, structure_aware_v1: 7 chunks 
  skipped  tn-profiscal-det-ch7-2006          unchanged  unchanged
  ok       tn-web6-inpdp                      updated fixed_500_50: 4 chunks, structure_aware_v1: 16 chunks 
exit=0 seconds=333.7

===== export current documents to kb\packs\*\documents =====
command: docker @kb export
started: 2026-10-02T15:46:21.5175378+01:00
 Container flatshare-tests-run-8acfa1f73b9e Creating 
 Container flatshare-tests-run-8acfa1f73b9e Created 
  gl-123loger-arnaques               v2    34,152 chars  {"fixed_500_50": 19, "structure_aware_v1": 49}
  gl-gestetud-arnaques               v2    46,003 chars  {"fixed_500_50": 22, "structure_aware_v1": 51}
  gl-twenty-campus-arnaques          v4    10,060 chars  {"fixed_500_50": 6, "structure_aware_v1": 10}
  test-guide-pdf                     v1       348 chars  {"fixed_500_50": 1, "structure_aware_v1": 1}
  test-law-ar                        v1       369 chars  {"fixed_500_50": 1, "structure_aware_v1": 1}
  test-law-fr                        v2     2,206 chars  {"fixed_500_50": 2, "structure_aware_v1": 3}
  tn-cdet-2017                       v1   153,148 chars  {"fixed_500_50": 87, "structure_aware_v1": 151}
  tn-coc-ar-cawtar                   v2   322,209 chars  {"fixed_500_50": 215, "structure_aware_v1": 302}
  tn-coc-jurisite-727-738            v3     2,916 chars  {"fixed_500_50": 2, "structure_aware_v1": 2}
  tn-coc-jurisite-739                v2       394 chars  {"fixed_500_50": 1, "structure_aware_v1": 1}
  tn-coc-jurisite-740-746            v3     2,657 chars  {"fixed_500_50": 2, "structure_aware_v1": 2}
  tn-coc-jurisite-747                v3       588 chars  {"fixed_500_50": 1, "structure_aware_v1": 1}
  tn-coc-jurisite-748-757            v3     4,428 chars  {"fixed_500_50": 3, "structure_aware_v1": 3}
  tn-coc-jurisite-758-766            v3     3,166 chars  {"fixed_500_50": 2, "structure_aware_v1": 3}
  tn-coc-jurisite-767-790            v3     8,471 chars  {"fixed_500_50": 6, "structure_aware_v1": 8}
  tn-coc-jurisite-791-804            v3     4,141 chars  {"fixed_500_50": 3, "structure_aware_v1": 3}
  tn-coc-jurisite-805-827            v3     9,418 chars  {"fixed_500_50": 6, "structure_aware_v1": 9}
  tn-cyriljarnias-location           v3    34,020 chars  {"fixed_500_50": 18, "structure_aware_v1": 27}
  tn-diwan-location                  v3     3,867 chars  {"fixed_500_50": 2, "structure_aware_v1": 3}
  tn-dpo-consulting-loi              v2    30,670 chars  {"fixed_500_50": 16, "structure_aware_v1": 50}
  tn-houni-colocation-tunis          v3     4,322 chars  {"fixed_500_50": 3, "structure_aware_v1": 10}
  tn-justice-questions-civiles       v2     7,936 chars  {"fixed_500_50": 5, "structure_aware_v1": 13}
  tn-lapresse-arnaque-sousse         v4     1,524 chars  {"fixed_500_50": 1, "structure_aware_v1": 1}
  tn-lo-2004-63-ar-igppp             v1    46,304 chars  {"fixed_500_50": 49, "structure_aware_v1": 76}
  tn-lo-2004-63-fr                   v1    55,409 chars  {"fixed_500_50": 29, "structure_aware_v1": 47}
  tn-loi-76-35-recueil               v1   113,977 chars  {"fixed_500_50": 62, "structure_aware_v1": 94}
  tn-mehat-logement-locatif-2014     v1   138,451 chars  {"fixed_500_50": 72, "structure_aware_v1": 90}
  tn-notaire-tunisienumerique        v3     4,944 chars  {"fixed_500_50": 3, "structure_aware_v1": 7}
  tn-profiscal-det-ch7-2006          v1    30,908 chars  {"fixed_500_50": 17, "structure_aware_v1": 51}
  tn-web6-inpdp                      v3     6,657 chars  {"fixed_500_50": 4, "structure_aware_v1": 16}
exported 30 documents under kb/packs/*/documents/
exit=0 seconds=4.5
