
===== stack is up (n8n healthy, migration 0011 applied, Text service healthy) =====
command: docker inspect -f "{{.State.Health.Status}}" fs-n8n
  docker inspect -f "{{.State.Health.Status}}" fs-text
  $v = docker exec -u postgres fs-postgres psql -d flatshare -tAc "select count(*) from public.schema_migrations where version like '0011%'"
  if ("$v".Trim() -ne "1") { "migration 0011 is not applied: run scripts\windows\verify.ps1 first"; $global:LASTEXITCODE = 1 }
started: 2026-10-05T02:10:53.0988726+01:00
healthy
healthy
exit=0 seconds=0.3

===== prompts: active versions from prompts\*\prompt.json =====
command: docker @run scripts/prompts.py sync
started: 2026-10-05T02:10:53.4555372+01:00
 Container flatshare-tests-run-2c78e8473e93 Creating 
 Container flatshare-tests-run-2c78e8473e93 Created 
prompt registry up to date
exit=0 seconds=1.9

===== report: docs\PROMPT_EVAL.md and reports\eval\prompts-*.json =====
command: docker @run scripts/p3.py report
started: 2026-10-05T02:10:55.3222529+01:00
 Container flatshare-tests-run-7e496d606833 Creating 
 Container flatshare-tests-run-7e496d606833 Created 
wrote reports/eval/prompts-20261005-011056.json and docs/PROMPT_EVAL.md
exit=0 seconds=3.7
